2026-10-04 22:05:59  === v4c_multianual_33_p95cal2023_v1: inicio (etapa: todas) ===
2026-10-04 22:06:32  [entrenar] lstm_t 01/31 ACO: E=7 alpha=None p95=20.20 (28 s)
2026-10-04 22:07:02  [entrenar] lstm_t 02/31 AJM: E=21 alpha=None p95=32.56 (29 s)
2026-10-04 22:07:17  [entrenar] lstm_t 03/31 AJU: E=1 alpha=None p95=23.26 (15 s)
2026-10-04 22:07:42  [entrenar] lstm_t 04/31 ATI: E=2 alpha=None p95=20.48 (25 s)
2026-10-04 22:08:03  [entrenar] lstm_t 05/31 BJU: E=1 alpha=None p95=21.07 (22 s)
2026-10-04 22:09:33  [entrenar] lstm_t 06/31 CAM: E=19 alpha=None p95=23.77 (90 s)
2026-10-04 22:10:57  [entrenar] lstm_t 07/31 CCA: E=17 alpha=None p95=22.04 (84 s)
2026-10-04 22:11:12  [entrenar] lstm_t 08/31 CHO: E=2 alpha=None p95=19.26 (15 s)
2026-10-04 22:11:28  [entrenar] lstm_t 09/31 CUA: E=1 alpha=None p95=26.21 (17 s)
2026-10-04 22:12:07  [entrenar] lstm_t 10/31 CUT: E=6 alpha=None p95=19.90 (38 s)
2026-10-04 22:12:48  [entrenar] lstm_t 11/31 FAC: E=6 alpha=None p95=24.08 (41 s)
2026-10-04 22:13:26  [entrenar] lstm_t 12/31 FAR: E=6 alpha=None p95=19.73 (38 s)
2026-10-04 22:13:50  [entrenar] lstm_t 13/31 GAM: E=2 alpha=None p95=22.14 (24 s)
2026-10-04 22:14:12  [entrenar] lstm_t 14/31 INN: E=1 alpha=None p95=18.34 (22 s)
2026-10-04 22:14:30  [entrenar] lstm_t 15/31 IZT: E=2 alpha=None p95=22.22 (18 s)
2026-10-04 22:14:52  [entrenar] lstm_t 16/31 LLA: E=3 alpha=None p95=19.90 (21 s)
2026-10-04 22:15:18  [entrenar] lstm_t 17/31 LPR: E=3 alpha=None p95=22.24 (27 s)
2026-10-04 22:15:45  [entrenar] lstm_t 18/31 MER: E=2 alpha=None p95=22.31 (27 s)
2026-10-04 22:16:08  [entrenar] lstm_t 19/31 MGH: E=1 alpha=None p95=22.29 (22 s)
2026-10-04 22:16:31  [entrenar] lstm_t 20/31 MON: E=2 alpha=None p95=22.25 (23 s)
2026-10-04 22:16:51  [entrenar] lstm_t 21/31 MPA: E=2 alpha=None p95=21.53 (20 s)
2026-10-04 22:17:18  [entrenar] lstm_t 22/31 NEZ: E=2 alpha=None p95=21.89 (27 s)
2026-10-04 22:17:45  [entrenar] lstm_t 23/31 PED: E=2 alpha=None p95=23.52 (27 s)
2026-10-04 22:18:36  [entrenar] lstm_t 24/31 SAC: E=9 alpha=None p95=24.36 (51 s)
2026-10-04 22:19:08  [entrenar] lstm_t 25/31 SAG: E=4 alpha=None p95=19.79 (32 s)
2026-10-04 22:19:29  [entrenar] lstm_t 26/31 TAH: E=1 alpha=None p95=20.30 (21 s)
2026-10-04 22:20:49  [entrenar] lstm_t 27/31 TLA: E=16 alpha=None p95=22.83 (81 s)
2026-10-04 22:21:04  [entrenar] lstm_t 28/31 TLI: E=2 alpha=None p95=21.57 (15 s)
2026-10-04 22:21:27  [entrenar] lstm_t 29/31 UAX: E=1 alpha=None p95=24.70 (23 s)
2026-10-04 22:21:48  [entrenar] lstm_t 30/31 UIZ: E=1 alpha=None p95=23.97 (21 s)
2026-10-04 22:22:20  [entrenar] lstm_t 31/31 VIF: E=4 alpha=None p95=19.77 (32 s)
2026-10-04 22:22:20  [entrenar] lineal_t 01/31 ACO: E=None alpha=1000.0 p95=20.45 (1 s)
2026-10-04 22:22:21  [entrenar] lineal_t 02/31 AJM: E=None alpha=300.0 p95=29.73 (1 s)
2026-10-04 22:22:22  [entrenar] lineal_t 03/31 AJU: E=None alpha=1000.0 p95=23.86 (1 s)
2026-10-04 22:22:23  [entrenar] lineal_t 04/31 ATI: E=None alpha=1000.0 p95=21.82 (1 s)
2026-10-04 22:22:23  [entrenar] lineal_t 05/31 BJU: E=None alpha=3000.0 p95=23.72 (1 s)
2026-10-04 22:22:24  [entrenar] lineal_t 06/31 CAM: E=None alpha=1000.0 p95=25.36 (1 s)
2026-10-04 22:22:25  [entrenar] lineal_t 07/31 CCA: E=None alpha=3000.0 p95=25.54 (1 s)
2026-10-04 22:22:26  [entrenar] lineal_t 08/31 CHO: E=None alpha=1000.0 p95=20.00 (1 s)
2026-10-04 22:22:27  [entrenar] lineal_t 09/31 CUA: E=None alpha=1000.0 p95=27.88 (1 s)
2026-10-04 22:22:28  [entrenar] lineal_t 10/31 CUT: E=None alpha=1000.0 p95=22.10 (1 s)
2026-10-04 22:22:29  [entrenar] lineal_t 11/31 FAC: E=None alpha=3000.0 p95=25.34 (1 s)
2026-10-04 22:22:29  [entrenar] lineal_t 12/31 FAR: E=None alpha=1000.0 p95=18.91 (1 s)
2026-10-04 22:22:30  [entrenar] lineal_t 13/31 GAM: E=None alpha=1000.0 p95=24.39 (1 s)
2026-10-04 22:22:31  [entrenar] lineal_t 14/31 INN: E=None alpha=3000.0 p95=17.35 (1 s)
2026-10-04 22:22:32  [entrenar] lineal_t 15/31 IZT: E=None alpha=1000.0 p95=23.94 (1 s)
2026-10-04 22:22:33  [entrenar] lineal_t 16/31 LLA: E=None alpha=1000.0 p95=21.76 (1 s)
2026-10-04 22:22:34  [entrenar] lineal_t 17/31 LPR: E=None alpha=1000.0 p95=22.62 (1 s)
2026-10-04 22:22:35  [entrenar] lineal_t 18/31 MER: E=None alpha=1000.0 p95=22.83 (1 s)
2026-10-04 22:22:36  [entrenar] lineal_t 19/31 MGH: E=None alpha=3000.0 p95=26.24 (1 s)
2026-10-04 22:22:36  [entrenar] lineal_t 20/31 MON: E=None alpha=1000.0 p95=23.51 (1 s)
2026-10-04 22:22:37  [entrenar] lineal_t 21/31 MPA: E=None alpha=1000.0 p95=23.12 (1 s)
2026-10-04 22:22:38  [entrenar] lineal_t 22/31 NEZ: E=None alpha=1000.0 p95=24.77 (1 s)
2026-10-04 22:22:39  [entrenar] lineal_t 23/31 PED: E=None alpha=3000.0 p95=26.73 (1 s)
2026-10-04 22:22:40  [entrenar] lineal_t 24/31 SAC: E=None alpha=300.0 p95=25.69 (1 s)
2026-10-04 22:22:40  [entrenar] lineal_t 25/31 SAG: E=None alpha=1000.0 p95=21.87 (1 s)
2026-10-04 22:22:41  [entrenar] lineal_t 26/31 TAH: E=None alpha=3000.0 p95=20.95 (1 s)
2026-10-04 22:22:42  [entrenar] lineal_t 27/31 TLA: E=None alpha=1000.0 p95=24.31 (1 s)
2026-10-04 22:22:43  [entrenar] lineal_t 28/31 TLI: E=None alpha=1000.0 p95=23.36 (1 s)
2026-10-04 22:22:44  [entrenar] lineal_t 29/31 UAX: E=None alpha=1000.0 p95=25.54 (1 s)
2026-10-04 22:22:44  [entrenar] lineal_t 30/31 UIZ: E=None alpha=1000.0 p95=26.23 (1 s)
2026-10-04 22:22:45  [entrenar] lineal_t 31/31 VIF: E=None alpha=1000.0 p95=21.79 (1 s)
2026-10-04 22:24:12  [verificar] lstm_t CCA: REPRODUCIBLE
            comprobacion  identico                                  detalle
                 epoca_E      True                                 17 vs 17
         pesos idénticos      True                                 7 arrays
     umbral p95 idéntico      True 22.044506413596014 vs 22.044506413596014
 calibracion_2023.csv.gz      True                               8156 filas
predicciones_2024.csv.gz      True                               8166 filas
predicciones_2025.csv.gz      True                               8491 filas
predicciones_2026.csv.gz      True                               4727 filas
2026-10-04 22:24:13  [verificar] lineal_t CCA: REPRODUCIBLE
            comprobacion  identico           detalle
  coeficientes idénticos      True                  
                   alpha      True            3000.0
     umbral p95 idéntico      True 25.54073438774386
 calibracion_2023.csv.gz      True                  
predicciones_2024.csv.gz      True                  
predicciones_2025.csv.gz      True                  
predicciones_2026.csv.gz      True                  
2026-10-04 22:25:52  [evaluar] lstm_t: listo (99 s)
2026-10-04 22:27:28  [evaluar] lineal_t: listo (97 s)
2026-10-04 22:27:56  [simultaneo] 2024 bit 0: 438 horas atacadas, 90 filas (28 s)
2026-10-04 22:28:14  [simultaneo] 2024 bit 1: 438 horas atacadas, 90 filas (18 s)
2026-10-04 22:28:31  [simultaneo] 2024 bit 2: 438 horas atacadas, 90 filas (17 s)
2026-10-04 22:28:48  [simultaneo] 2024 bit 3: 438 horas atacadas, 90 filas (18 s)
2026-10-04 22:29:06  [simultaneo] 2024 bit 4: 438 horas atacadas, 90 filas (18 s)
2026-10-04 22:29:24  [simultaneo] 2024 bit 5: 438 horas atacadas, 90 filas (18 s)
2026-10-04 22:29:42  [simultaneo] 2024 bit 6: 438 horas atacadas, 90 filas (18 s)
2026-10-04 22:29:59  [simultaneo] 2024 bit 7: 438 horas atacadas, 90 filas (17 s)
2026-10-04 22:30:16  [simultaneo] 2025 bit 0: 416 horas atacadas, 93 filas (17 s)
2026-10-04 22:30:33  [simultaneo] 2025 bit 1: 416 horas atacadas, 93 filas (17 s)
2026-10-04 22:30:50  [simultaneo] 2025 bit 2: 416 horas atacadas, 93 filas (17 s)
2026-10-04 22:31:08  [simultaneo] 2025 bit 3: 416 horas atacadas, 93 filas (17 s)
2026-10-04 22:31:25  [simultaneo] 2025 bit 4: 416 horas atacadas, 93 filas (17 s)
2026-10-04 22:31:43  [simultaneo] 2025 bit 5: 416 horas atacadas, 93 filas (18 s)
2026-10-04 22:32:01  [simultaneo] 2025 bit 6: 416 horas atacadas, 93 filas (18 s)
2026-10-04 22:32:19  [simultaneo] 2025 bit 7: 416 horas atacadas, 93 filas (18 s)
2026-10-04 22:32:31  [simultaneo] 2026 bit 0: 249 horas atacadas, 84 filas (12 s)
2026-10-04 22:32:42  [simultaneo] 2026 bit 1: 249 horas atacadas, 84 filas (12 s)
2026-10-04 22:32:54  [simultaneo] 2026 bit 2: 249 horas atacadas, 84 filas (12 s)
2026-10-04 22:33:06  [simultaneo] 2026 bit 3: 249 horas atacadas, 84 filas (12 s)
2026-10-04 22:33:18  [simultaneo] 2026 bit 4: 249 horas atacadas, 84 filas (12 s)
2026-10-04 22:33:30  [simultaneo] 2026 bit 5: 249 horas atacadas, 84 filas (12 s)
2026-10-04 22:33:42  [simultaneo] 2026 bit 6: 249 horas atacadas, 84 filas (12 s)
2026-10-04 22:33:54  [simultaneo] 2026 bit 7: 249 horas atacadas, 84 filas (12 s)
2026-10-04 22:33:54  [simultaneo] listo
2026-10-04 22:33:54  === fin (27.9 min) ===
